[www.dehaus.be/index.html]
[backblue.gif]
[fade.gif]
[index.html]
[www.dehaus.be/img/dehaus-og-image.jpg]
[www.dehaus.be/css/stylece91.css]
[www.dehaus.be/img/favicon.ico]
[www.dehaus.be/img/apple-touch-icon.png]
[www.dehaus.be/img/apple-touch-icon_152.png]
[www.dehaus.be/video/bar.mp4]
[www.dehaus.be/video/bar.webm]
[www.dehaus.be/img/bg/bar/bar_01.jpg]
[www.dehaus.be/img/bg/bar/bar_02.jpg]
[www.dehaus.be/img/bg/bar/bar_06.jpg]
[www.dehaus.be/img/bg/bar/bar_03.jpg]
[www.dehaus.be/img/bg/bar/bar_07.jpg]
[www.dehaus.be/img/bg/bar/bar_04.jpg]
[www.dehaus.be/img/bg/bar/bar_08.jpg]
[www.dehaus.be/img/bg/salon/salon_01.jpg]
[www.dehaus.be/img/bg/salon/salon_02.jpg]
[www.dehaus.be/img/bg/salon/salon_03.jpg]
[www.dehaus.be/img/bg/salon/salon_04.jpg]
[www.dehaus.be/img/bg/salon/salon_05.jpg]
[www.dehaus.be/img/bg/kitchen/kitchen_01.jpg]
[www.dehaus.be/img/bg/kitchen/kitchen_02.jpg]
[www.dehaus.be/img/bg/kitchen/kitchen_03.jpg]
[www.dehaus.be/img/bg/kitchen/kitchen_04.jpg]
[www.dehaus.be/img/bg/kitchen/kitchen_05.jpg]
[www.dehaus.be/img/bg/kitchen/kitchen_06.jpg]
[www.dehaus.be/img/bg/shop-section.jpg]
[www.dehaus.be/img/bg/about/about_01.jpg]
[www.dehaus.be/img/bg/about/about_02.jpg]
[www.dehaus.be/img/bg/about/about_03.jpg]
[www.dehaus.be/img/bg/about/about_04.jpg]
[www.dehaus.be/img/bg/about/about_05.jpg]
[www.dehaus.be/home.html]
[www.dehaus.be/bar.html]
[www.dehaus.be/salon.html]
[www.dehaus.be/kitchen.html]
[www.dehaus.be/shop.html]
[www.dehaus.be/about.html]
[www.dehaus.be/img/menu/dehaus-menu-page3.jpg]
[www.dehaus.be/img/menu/dehaus-menu-page5.jpg]
[www.dehaus.be/img/menu/dehaus-menu-page6.jpg]
[www.dehaus.be/img/menu/dehaus-menu-page7.jpg]
[www.dehaus.be/img/menu/dehaus-menu-page8.jpg]
[www.dehaus.be/img/menu/dehaus-menu-page9.jpg]
[www.dehaus.be/img/menu/dehaus-menu-page10.jpg]
[www.dehaus.be/img/menu/dehaus-menu-page11.jpg]
[www.dehaus.be/img/menu/dehaus-menu-page12.jpg]
[www.dehaus.be/img/menu/dehaus-menu-page13.jpg]
[www.dehaus.be/img/menu/dehaus-menu-page14.jpg]
[www.dehaus.be/img/menu/dehaus-menu-page15.jpg]
[www.dehaus.be/img/menu/dehaus-menu-page16.jpg]
[www.dehaus.be/img/menu/dehaus-menu-page17.jpg]
[www.dehaus.be/img/menu/dehaus-menu-page18.jpg]
[www.dehaus.be/img/menu/dehaus-menu-page19.jpg]
[www.dehaus.be/img/menu/dehaus-menu-page20.jpg]
[www.dehaus.be/img/menu/dehaus-menu-page21.jpg]
[www.dehaus.be/img/menu/dehaus-menu-page22.jpg]
[www.dehaus.be/img/menu/dehaus-menu-page23.jpg]
[www.dehaus.be/img/menu/dehaus-menu-page24.jpg]
[www.dehaus.be/img/menu/dehaus-menu-page25.jpg]
[www.dehaus.be/img/menu/dehaus-menu-page26.jpg]
[www.dehaus.be/img/menu/dehaus-menu-page27.jpg]
[www.dehaus.be/img/menu/dehaus-menu-page28.jpg]
[ajax.googleapis.com/ajax/libs/jquery/2.0.3/jquery.min.js]
[www.dehaus.be/js/main.min.js]
[www.google-analytics.com/analytics.js]
[www.dehaus.be/js/vendor/jquery-2.0.3.min.js]
[connect.facebook.net/en_US/fbevents.js]
[www.dehaus.be/index.html]
[www.dehaus.be/fonts/liberator.eot]
[www.dehaus.be/fonts/liberator.woff]
[www.dehaus.be/fonts/liberatord41d.eot]
[www.dehaus.be/fonts/liberator.svg]
[www.dehaus.be/fonts/liberator.ttf]
[www.dehaus.be/fonts/a9f8f59e-3a21-4ddc-9d78-92ded8059834d41d.eot]
[www.dehaus.be/fonts/717aeb57-2994-4259-8ae9-0b22a799e98d.svg]
[www.dehaus.be/img/bg/home/home_01.jpg]
[www.dehaus.be/fonts/b12f1ce1-c1c0-415b-a7dc-fefbde9ab77b.woff]
[www.dehaus.be/fonts/bc8a59c9-046a-4969-b03a-b601ef3a7730.ttf]
[www.dehaus.be/img/bg/menu/home_small.jpg]
[www.dehaus.be/img/bg/menu/bar_small.jpg]
[www.dehaus.be/img/bg/menu/salon_small.jpg]
[www.dehaus.be/img/bg/menu/kitchen_small.jpg]
[www.dehaus.be/img/bg/menu/shop_small.jpg]
[www.dehaus.be/img/bg/menu/about_small.jpg]
[www.dehaus.be/img/arrow-drag_2x.png]
[www.dehaus.be/img/overlay-expend-cursor.png]
[www.dehaus.be/img/diagonal-line2.png]
[www.dehaus.be/img/overlay-close-cursor.png]
[www.dehaus.be/img/map-pointer_@2x.png]
[www.dehaus.be/img/bg-loading.jpg]
[www.dehaus.be/css/stylece91.css]
[www.dehaus.be/home.html]
[www.dehaus.be/css/styleb51b.css]
[www.dehaus.be/css/style475a.css]
[www.dehaus.be/img/gins/dragon.jpg]
[www.dehaus.be/bar.html]
[www.dehaus.be/salon.html]
[www.dehaus.be/kitchen.html]
[www.dehaus.be/bar/dragon.html]
[www.dehaus.be/css/style6f11.css]
[www.dehaus.be/img/shop/industrial-metal-stools.jpg]
[www.dehaus.be/img/shop/newspaper-tray.jpg]
[www.dehaus.be/img/shop/flag-garland.jpg]
[www.dehaus.be/img/shop/industrial-vintage-chair.jpg]
[www.dehaus.be/img/shop/vintage-stool.jpg]
[www.dehaus.be/img/shop/shiny-office-lamp.jpg]
[www.dehaus.be/img/shop/vintage-chair.jpg]
[www.dehaus.be/img/shop/vintage-office-lamp.jpg]
[www.dehaus.be/img/shop/old-pupil-s-chair.jpg]
[www.dehaus.be/img/shop/newspaper-holder-drinks-tray-table.jpg]
[www.dehaus.be/img/shop/industrial-lamp.jpg]
[www.dehaus.be/img/shop/red-leather-chair.jpg]
[www.dehaus.be/img/shop/the-shell-red-chair.jpg]
[www.dehaus.be/img/shop/gobo-lightning.jpg]
[www.dehaus.be/img/shop/super-formica-table.jpg]
[www.dehaus.be/shop.html]
[www.dehaus.be/about.html]
[connect.facebook.net/en_US/fbevents.js]
[fast.fonts.net/t/1dd25.css]
[www.dehaus.be/fonts/liberator.svg]
[www.dehaus.be/fonts/717aeb57-2994-4259-8ae9-0b22a799e98d.svg]
[www.dehaus.be/css/styleb51b.css]
[www.dehaus.be/css/style475a.css]
[www.dehaus.be/css/style03c7.css]
[www.dehaus.be/bar/dragon.html]
[www.dehaus.be/css/style6f11.css]
[www.dehaus.be/css/style03c7.css]
